npm notice
npm notice 📦  @erez/king-of-tokyo@1.0.0
npm notice Tarball Contents
npm notice 913B check_stubs.ts
npm notice 151B dist/bots/botLogic.d.ts
npm notice 3.8kB dist/bots/botLogic.js
npm notice 329B dist/bots/BucketBot.d.ts
npm notice 9.6kB dist/bots/BucketBot.js
npm notice 109B dist/bots/bucketConfig.d.ts
npm notice 224.5kB dist/bots/bucketConfig.js
npm notice 127B dist/bots/ExactBot.d.ts
npm notice 7.3kB dist/bots/ExactBot.js
npm notice 250B dist/bots/paramBot.d.ts
npm notice 6.2kB dist/bots/paramBot.js
npm notice 1.0MB dist/bots/post_turn_values.json
npm notice 154B dist/bots/qBot.d.ts
npm notice 6.5kB dist/bots/qBot.js
npm notice 198B dist/bots/randomBot.d.ts
npm notice 818B dist/bots/randomBot.js
npm notice 122B dist/bots/registry.d.ts
npm notice 757B dist/bots/registry.js
npm notice 380B dist/bots/ruleBot.d.ts
npm notice 6.5kB dist/bots/ruleBot.js
npm notice 156B dist/bots/smartBot.d.ts
npm notice 5.5kB dist/bots/smartBot.js
npm notice 6.7MB dist/bots/stat_optimized_tactics.json
npm notice 70.9kB dist/bots/true_state_values.json
npm notice 68B dist/components/KotBoard.d.ts
npm notice 41.6kB dist/components/KotBoard.js
npm notice 196B dist/components/KotStats.d.ts
npm notice 7.8kB dist/components/KotStats.js
npm notice 146B dist/engine/actions/ATTACK.d.ts
npm notice 1.6kB dist/engine/actions/ATTACK.js
npm notice 619B dist/engine/actions/baseActions.d.ts
npm notice 3.5kB dist/engine/actions/baseActions.js
npm notice 153B dist/engine/actions/BUY_FROM_PLAYER.d.ts
npm notice 1.4kB dist/engine/actions/BUY_FROM_PLAYER.js
npm notice 150B dist/engine/actions/BUY_OR_SWEEP.d.ts
npm notice 1.2kB dist/engine/actions/BUY_OR_SWEEP.js
npm notice 143B dist/engine/actions/BUY.d.ts
npm notice 2.4kB dist/engine/actions/BUY.js
npm notice 535B dist/engine/actions/combatActions.d.ts
npm notice 3.7kB dist/engine/actions/combatActions.js
npm notice 144B dist/engine/actions/DEAD.d.ts
npm notice 1.9kB dist/engine/actions/DEAD.js
npm notice 349B dist/engine/actions/diceActions.d.ts
npm notice 2.8kB dist/engine/actions/diceActions.js
npm notice 147B dist/engine/actions/DISCARD.d.ts
npm notice 831B dist/engine/actions/DISCARD.js
npm notice 147B dist/engine/actions/END_TURN.d.ts
npm notice 1.6kB dist/engine/actions/END_TURN.js
npm notice 146B dist/engine/actions/ENERGY.d.ts
npm notice 1.3kB dist/engine/actions/ENERGY.js
npm notice 150B dist/engine/actions/ENTER_TOKYO.d.ts
npm notice 1.6kB dist/engine/actions/ENTER_TOKYO.js
npm notice 150B dist/engine/actions/FILL_MARKET.d.ts
npm notice 746B dist/engine/actions/FILL_MARKET.js
npm notice 150B dist/engine/actions/GO_TO_MARKET.d.ts
npm notice 359B dist/engine/actions/GO_TO_MARKET.js
npm notice 146B dist/engine/actions/HEALTH.d.ts
npm notice 1.1kB dist/engine/actions/HEALTH.js
npm notice 209B dist/engine/actions/index.d.ts
npm notice 2.0kB dist/engine/actions/index.js
npm notice 143B dist/engine/actions/LOG.d.ts
npm notice 246B dist/engine/actions/LOG.js
npm notice 637B dist/engine/actions/marketActions.d.ts
npm notice 2.3kB dist/engine/actions/marketActions.js
npm notice 368B dist/engine/actions/PLOT_TWIST.d.ts
npm notice 2.0kB dist/engine/actions/PLOT_TWIST.js
npm notice 158B dist/engine/actions/PSYCHIC_PROBE.d.ts
npm notice 1.3kB dist/engine/actions/PSYCHIC_PROBE.js
npm notice 152B dist/engine/actions/RESOLVE_ROLLS.d.ts
npm notice 2.3kB dist/engine/actions/RESOLVE_ROLLS.js
npm notice 154B dist/engine/actions/RESPONSE_MARKET.d.ts
npm notice 685B dist/engine/actions/RESPONSE_MARKET.js
npm notice 151B dist/engine/actions/RESPONSE_NOP.d.ts
npm notice 250B dist/engine/actions/RESPONSE_NOP.js
npm notice 152B dist/engine/actions/RESPONSE_ROLL.d.ts
npm notice 2.3kB dist/engine/actions/RESPONSE_ROLL.js
npm notice 153B dist/engine/actions/RESPONSE_YIELD.d.ts
npm notice 665B dist/engine/actions/RESPONSE_YIELD.js
npm notice 155B dist/engine/actions/SETUP_CARD_PRICES.d.ts
npm notice 220B dist/engine/actions/SETUP_CARD_PRICES.js
npm notice 149B dist/engine/actions/SETUP_DICE.d.ts
npm notice 698B dist/engine/actions/SETUP_DICE.js
npm notice 149B dist/engine/actions/START_GAME.d.ts
npm notice 2.1kB dist/engine/actions/START_GAME.js
npm notice 149B dist/engine/actions/START_TURN.d.ts
npm notice 1.9kB dist/engine/actions/START_TURN.js
npm notice 145B dist/engine/actions/SWEEP.d.ts
npm notice 760B dist/engine/actions/SWEEP.js
npm notice 150B dist/engine/actions/TAKE_DAMAGE.d.ts
npm notice 2.2kB dist/engine/actions/TAKE_DAMAGE.js
npm notice 142B dist/engine/actions/VP.d.ts
npm notice 771B dist/engine/actions/VP.js
npm notice 99B dist/engine/cards/acidAttack.d.ts
npm notice 2.1kB dist/engine/cards/acidAttack.js
npm notice 104B dist/engine/cards/alienMetabolism.d.ts
npm notice 1.1kB dist/engine/cards/alienMetabolism.js
npm notice 101B dist/engine/cards/alphaMonster.d.ts
npm notice 688B dist/engine/cards/alphaMonster.js
npm notice 102B dist/engine/cards/AmusementPark.d.ts
npm notice 421B dist/engine/cards/AmusementPark.js
npm notice 106B dist/engine/cards/apartmentBuilding.d.ts
npm notice 438B dist/engine/cards/apartmentBuilding.js
npm notice 101B dist/engine/cards/armorPlating.d.ts
npm notice 613B dist/engine/cards/armorPlating.js
npm notice 93B dist/engine/cards/Army.d.ts
npm notice 646B dist/engine/cards/Army.js
npm notice 106B dist/engine/cards/backgroundDweller.d.ts
npm notice 4.2kB dist/engine/cards/backgroundDweller.js
npm notice 107B dist/engine/cards/BackgroundSecurity.d.ts
npm notice 557B dist/engine/cards/BackgroundSecurity.js
npm notice 98B dist/engine/cards/burrowing.d.ts
npm notice 1.5kB dist/engine/cards/burrowing.js
npm notice 99B dist/engine/cards/camouflage.d.ts
npm notice 1.5kB dist/engine/cards/camouflage.js
npm notice 102B dist/engine/cards/Cannibalistic.d.ts
npm notice 563B dist/engine/cards/Cannibalistic.js
npm notice 102B dist/engine/cards/commuterTrain.d.ts
npm notice 422B dist/engine/cards/commuterTrain.js
npm notice 108B dist/engine/cards/completeDestruction.d.ts
npm notice 780B dist/engine/cards/completeDestruction.js
npm notice 100B dist/engine/cards/cornerStore.d.ts
npm notice 414B dist/engine/cards/cornerStore.js
npm notice 106B dist/engine/cards/dedicatedNewsTeam.d.ts
npm notice 549B dist/engine/cards/dedicatedNewsTeam.js
npm notice 109B dist/engine/cards/dropFromHighAltitude.d.ts
npm notice 1.3kB dist/engine/cards/dropFromHighAltitude.js
npm notice 103B dist/engine/cards/eaterOfTheDead.d.ts
npm notice 581B dist/engine/cards/eaterOfTheDead.js
npm notice 102B dist/engine/cards/ElectricArmor.d.ts
npm notice 2.7kB dist/engine/cards/ElectricArmor.js
npm notice 97B dist/engine/cards/energize.d.ts
npm notice 404B dist/engine/cards/energize.js
npm notice 102B dist/engine/cards/energyHoarder.d.ts
npm notice 674B dist/engine/cards/energyHoarder.js
npm notice 105B dist/engine/cards/evacuationOrders.d.ts
npm notice 713B dist/engine/cards/evacuationOrders.js
npm notice 94B dist/engine/cards/Evade.d.ts
npm notice 2.4kB dist/engine/cards/Evade.js
npm notice 99B dist/engine/cards/evenBigger.d.ts
npm notice 555B dist/engine/cards/evenBigger.js
npm notice 98B dist/engine/cards/extraHead.d.ts
npm notice 651B dist/engine/cards/extraHead.js
npm notice 98B dist/engine/cards/fireBlast.d.ts
npm notice 636B dist/engine/cards/fireBlast.js
npm notice 102B dist/engine/cards/fireBreathing.d.ts
npm notice 1.2kB dist/engine/cards/fireBreathing.js
npm notice 99B dist/engine/cards/freezeTime.d.ts
npm notice 2.0kB dist/engine/cards/freezeTime.js
npm notice 95B dist/engine/cards/frenzy.d.ts
npm notice 669B dist/engine/cards/frenzy.js
npm notice 105B dist/engine/cards/friendOfChildren.d.ts
npm notice 720B dist/engine/cards/friendOfChildren.js
npm notice 100B dist/engine/cards/gasRefinery.d.ts
npm notice 685B dist/engine/cards/gasRefinery.js
npm notice 99B dist/engine/cards/giantBrain.d.ts
npm notice 670B dist/engine/cards/giantBrain.js
npm notice 96B dist/engine/cards/gourmet.d.ts
npm notice 554B dist/engine/cards/gourmet.js
npm notice 71B dist/engine/cards/heal.d.ts
npm notice 1.0kB dist/engine/cards/heal.js
npm notice 97B dist/engine/cards/HealCard.d.ts
npm notice 405B dist/engine/cards/HealCard.js
npm notice 99B dist/engine/cards/healingRay.d.ts
npm notice 4.8kB dist/engine/cards/healingRay.js
npm notice 98B dist/engine/cards/herbivore.d.ts
npm notice 1.4kB dist/engine/cards/herbivore.js
npm notice 99B dist/engine/cards/herdCuller.d.ts
npm notice 3.5kB dist/engine/cards/herdCuller.js
npm notice 108B dist/engine/cards/HighAltitudeBombing.d.ts
npm notice 768B dist/engine/cards/HighAltitudeBombing.js
npm notice 105B dist/engine/cards/IntimidatingRoar.d.ts
npm notice 1.3kB dist/engine/cards/IntimidatingRoar.js
npm notice 100B dist/engine/cards/ItHasAChild.d.ts
npm notice 1.1kB dist/engine/cards/ItHasAChild.js
npm notice 100B dist/engine/cards/JetFighters.d.ts
npm notice 620B dist/engine/cards/JetFighters.js
npm notice 93B dist/engine/cards/Jets.d.ts
npm notice 2.1kB dist/engine/cards/Jets.js
npm notice 99B dist/engine/cards/MadeInALab.d.ts
npm notice 968B dist/engine/cards/MadeInALab.js
npm notice 98B dist/engine/cards/Metamorph.d.ts
npm notice 2.4kB dist/engine/cards/Metamorph.js
npm notice 94B dist/engine/cards/Mimic.d.ts
npm notice 5.5kB dist/engine/cards/Mimic.js
npm notice 105B dist/engine/cards/MonsterBatteries.d.ts
npm notice 3.8kB dist/engine/cards/MonsterBatteries.js
npm notice 102B dist/engine/cards/NationalGuard.d.ts
npm notice 504B dist/engine/cards/NationalGuard.js
npm notice 99B dist/engine/cards/NovaBreath.d.ts
npm notice 1.8kB dist/engine/cards/NovaBreath.js
npm notice 106B dist/engine/cards/NuclearPowerPlant.d.ts
npm notice 517B dist/engine/cards/NuclearPowerPlant.js
npm notice 97B dist/engine/cards/Omnivore.d.ts
npm notice 825B dist/engine/cards/Omnivore.js
npm notice 100B dist/engine/cards/Opportunist.d.ts
npm notice 3.5kB dist/engine/cards/Opportunist.js
npm notice 107B dist/engine/cards/ParasiticTentacles.d.ts
npm notice 1.5kB dist/engine/cards/ParasiticTentacles.js
npm notice 98B dist/engine/cards/PlotTwist.d.ts
npm notice 4.3kB dist/engine/cards/PlotTwist.js
npm notice 101B dist/engine/cards/PoisonQuills.d.ts
npm notice 749B dist/engine/cards/PoisonQuills.js
npm notice 99B dist/engine/cards/PoisonSpit.d.ts
npm notice 2.0kB dist/engine/cards/PoisonSpit.js
npm notice 101B dist/engine/cards/PsychicProbe.d.ts
npm notice 1.8kB dist/engine/cards/PsychicProbe.js
npm notice 101B dist/engine/cards/RapidHealing.d.ts
npm notice 4.4kB dist/engine/cards/RapidHealing.js
npm notice 103B dist/engine/cards/ReflectiveHide.d.ts
npm notice 994B dist/engine/cards/ReflectiveHide.js
npm notice 101B dist/engine/cards/Regeneration.d.ts
npm notice 555B dist/engine/cards/Regeneration.js
npm notice 118B dist/engine/cards/registry.d.ts
npm notice 8.8kB dist/engine/cards/registry.js
npm notice 110B dist/engine/cards/RootingForTheUnderdog.d.ts
npm notice 890B dist/engine/cards/RootingForTheUnderdog.js
npm notice 98B dist/engine/cards/ShrinkRay.d.ts
npm notice 1.1kB dist/engine/cards/ShrinkRay.js
npm notice 99B dist/engine/cards/Skyscraper.d.ts
npm notice 407B dist/engine/cards/Skyscraper.js
npm notice 100B dist/engine/cards/SleepWalker.d.ts
npm notice 1.8kB dist/engine/cards/SleepWalker.js
npm notice 99B dist/engine/cards/SmokeCloud.d.ts
npm notice 3.8kB dist/engine/cards/SmokeCloud.js
npm notice 101B dist/engine/cards/SolarPowered.d.ts
npm notice 620B dist/engine/cards/SolarPowered.js
npm notice 99B dist/engine/cards/SpikedTail.d.ts
npm notice 615B dist/engine/cards/SpikedTail.js
npm notice 97B dist/engine/cards/Stretchy.d.ts
npm notice 5.1kB dist/engine/cards/Stretchy.js
npm notice 98B dist/engine/cards/SuperJump.d.ts
npm notice 614B dist/engine/cards/SuperJump.js
npm notice 94B dist/engine/cards/Tanks.d.ts
npm notice 470B dist/engine/cards/Tanks.js
npm notice 97B dist/engine/cards/Telepath.d.ts
npm notice 3.1kB dist/engine/cards/Telepath.js
npm notice 101B dist/engine/cards/ThrowATanker.d.ts
npm notice 574B dist/engine/cards/ThrowATanker.js
npm notice 101B dist/engine/cards/ThunderStomp.d.ts
npm notice 1.9kB dist/engine/cards/ThunderStomp.js
npm notice 540B dist/engine/cards/types.d.ts
npm notice 77B dist/engine/cards/types.js
npm notice 100B dist/engine/cards/UnstableDNA.d.ts
npm notice 4.6kB dist/engine/cards/UnstableDNA.js
npm notice 100B dist/engine/cards/Unstoppable.d.ts
npm notice 747B dist/engine/cards/Unstoppable.js
npm notice 100B dist/engine/cards/UrbanLegend.d.ts
npm notice 682B dist/engine/cards/UrbanLegend.js
npm notice 97B dist/engine/cards/Urbavore.d.ts
npm notice 1.1kB dist/engine/cards/Urbavore.js
npm notice 97B dist/engine/cards/Vampiric.d.ts
npm notice 611B dist/engine/cards/Vampiric.js
npm notice 98B dist/engine/cards/VastStorm.d.ts
npm notice 921B dist/engine/cards/VastStorm.js
npm notice 114B dist/engine/cards/WeAreOnlyMakingItStronger.d.ts
npm notice 680B dist/engine/cards/WeAreOnlyMakingItStronger.js
npm notice 94B dist/engine/cards/Wings.d.ts
npm notice 2.2kB dist/engine/cards/Wings.js
npm notice 111B dist/engine/markers/ExtraTurnMarker.d.ts
npm notice 250B dist/engine/markers/ExtraTurnMarker.js
npm notice 108B dist/engine/markers/PoisonMarker.d.ts
npm notice 1.0kB dist/engine/markers/PoisonMarker.js
npm notice 450B dist/engine/markers/registry.d.ts
npm notice 510B dist/engine/markers/registry.js
npm notice 108B dist/engine/markers/ShrinkMarker.d.ts
npm notice 1.5kB dist/engine/markers/ShrinkMarker.js
npm notice 231B dist/engine/reducer.d.ts
npm notice 9.2kB dist/engine/reducer.js
npm notice 1.7kB dist/engine/types.d.ts
npm notice 971B dist/engine/types.js
npm notice 352B dist/engine/utils.d.ts
npm notice 1.3kB dist/engine/utils.js
npm notice 73B dist/index.d.ts
npm notice 866B dist/index.js
npm notice 974B list_empty_cards.ts
npm notice 728B list_unverified.ts
npm notice 0B pack.out
npm notice 370B package.json
npm notice 567B scripts/analyze_tactics.js
npm notice 1.0kB scripts/analyze_win_rates.js
npm notice 774B scripts/analyze_win_rates2.js
npm notice 750B scripts/compare_values.js
npm notice 173B scripts/debug_post.js
npm notice 1.1kB scripts/debug_post.ts
npm notice 863B scripts/debug_stuck.ts
npm notice 8.7kB scripts/exact_state_trainer.ts
npm notice 6.3kB scripts/exact_tactics_baker.ts
npm notice 24B scripts/fast_optimizer.ts
npm notice 303B scripts/fix_bot_json.js
npm notice 352B scripts/fix_bot.js
npm notice 307B scripts/fix_pacifism.js
npm notice 5.7kB scripts/mc_evaluator_debug.ts
npm notice 4.5kB scripts/mc_evaluator.ts
npm notice 3.8kB scripts/post_turn_evaluator.ts
npm notice 11.8kB scripts/retrograde_trainer.ts
npm notice 9.1kB scripts/statistical_optimizer.ts
npm notice 6.4kB scripts/tactic_optimizer.ts
npm notice 2.6kB scripts/test_exact.ts
npm notice 172B scripts/test_exact2.ts
npm notice 2.7kB scripts/test_state_count.ts
npm notice 2.6kB scripts/test_tournament_2p.ts
npm notice 2.4kB scripts/test_tournament_fast.ts
npm notice 2.7kB scripts/test_tournament.ts
npm notice 27.1kB scripts/true_state_values.json
npm notice 9.5kB src/bots/BucketBot.ts
npm notice 198.5kB src/bots/bucketConfig.ts
npm notice 7.1kB src/bots/ExactBot.ts
npm notice 2.5MB src/bots/exactConfig.json
npm notice 4.9MB src/bots/exactTactics.json
npm notice 251.7kB src/bots/optimized_tactics.json
npm notice 5.6kB src/bots/paramBot.ts
npm notice 922.2kB src/bots/post_turn_values.json
npm notice 5.9kB src/bots/qBot.ts
npm notice 750B src/bots/randomBot.ts
npm notice 666B src/bots/registry.ts
npm notice 6.0kB src/bots/ruleBot.ts
npm notice 4.9kB src/bots/smartBot.ts
npm notice 5.1MB src/bots/stat_optimized_tactics.json
npm notice 63.4kB src/bots/true_state_values.json
npm notice 39.9kB src/components/KotBoard.tsx
npm notice 6.8kB src/components/KotStats.tsx
npm notice 1.6kB src/engine/actions/ATTACK.ts
npm notice 1.1kB src/engine/actions/BUY_OR_SWEEP.ts
npm notice 2.2kB src/engine/actions/BUY.ts
npm notice 1.8kB src/engine/actions/DEAD.ts
npm notice 747B src/engine/actions/DISCARD.ts
npm notice 1.5kB src/engine/actions/END_TURN.ts
npm notice 1.1kB src/engine/actions/ENERGY.ts
npm notice 1.4kB src/engine/actions/ENTER_TOKYO.ts
npm notice 674B src/engine/actions/FILL_MARKET.ts
npm notice 314B src/engine/actions/GO_TO_MARKET.ts
npm notice 1.0kB src/engine/actions/HEALTH.ts
npm notice 1.8kB src/engine/actions/index.ts
npm notice 2.2kB src/engine/actions/RESOLVE_ROLLS.ts
npm notice 622B src/engine/actions/RESPONSE_MARKET.ts
npm notice 217B src/engine/actions/RESPONSE_NOP.ts
npm notice 2.1kB src/engine/actions/RESPONSE_ROLL.ts
npm notice 575B src/engine/actions/RESPONSE_YIELD.ts
npm notice 649B src/engine/actions/SETUP_DICE.ts
npm notice 1.8kB src/engine/actions/START_GAME.ts
npm notice 1.7kB src/engine/actions/START_TURN.ts
npm notice 711B src/engine/actions/SWEEP.ts
npm notice 2.0kB src/engine/actions/TAKE_DAMAGE.ts
npm notice 682B src/engine/actions/VP.ts
npm notice 2.0kB src/engine/cards/AcidAttack.ts
npm notice 1.1kB src/engine/cards/AlienMetabolism.ts
npm notice 681B src/engine/cards/AlphaMonster.ts
npm notice 445B src/engine/cards/AmusementPark.ts
npm notice 458B src/engine/cards/ApartmentBuilding.ts
npm notice 622B src/engine/cards/ArmorPlating.ts
npm notice 574B src/engine/cards/Army.ts
npm notice 3.5kB src/engine/cards/BackgroundDweller.ts
npm notice 1.4kB src/engine/cards/Burrowing.ts
npm notice 1.4kB src/engine/cards/Camouflage.ts
npm notice 492B src/engine/cards/Cannibalistic.ts
npm notice 446B src/engine/cards/CommuterTrain.ts
npm notice 768B src/engine/cards/CompleteDestruction.ts
npm notice 440B src/engine/cards/CornerStore.ts
npm notice 559B src/engine/cards/DedicatedNewsTeam.ts
npm notice 1.3kB src/engine/cards/DropFromHighAltitude.ts
npm notice 590B src/engine/cards/EaterOfTheDead.ts
npm notice 2.5kB src/engine/cards/ElectricArmor.ts
npm notice 433B src/engine/cards/Energize.ts
npm notice 667B src/engine/cards/EnergyHoarder.ts
npm notice 683B src/engine/cards/EvacuationOrders.ts
npm notice 625B src/engine/cards/EvenBigger.ts
npm notice 650B src/engine/cards/ExtraHead.ts
npm notice 677B src/engine/cards/FireBlast.ts
npm notice 1.1kB src/engine/cards/FireBreathing.ts
npm notice 1.9kB src/engine/cards/FreezeTime.ts
npm notice 679B src/engine/cards/Frenzy.ts
npm notice 724B src/engine/cards/FriendOfChildren.ts
npm notice 692B src/engine/cards/GasRefinery.ts
npm notice 663B src/engine/cards/GiantBrain.ts
npm notice 573B src/engine/cards/Gourmet.ts
npm notice 434B src/engine/cards/HealCard.ts
npm notice 4.5kB src/engine/cards/HealingRay.ts
npm notice 1.4kB src/engine/cards/Herbivore.ts
npm notice 3.2kB src/engine/cards/HerdCuller.ts
npm notice 768B src/engine/cards/HighAltitudeBombing.ts
npm notice 1.2kB src/engine/cards/IntimidatingRoar.ts
npm notice 1.1kB src/engine/cards/ItHasAChild.ts
npm notice 655B src/engine/cards/JetFighters.ts
npm notice 1.8kB src/engine/cards/Jets.ts
npm notice 1.0kB src/engine/cards/MadeInALab.ts
npm notice 2.2kB src/engine/cards/Metamorph.ts
npm notice 4.9kB src/engine/cards/Mimic.ts
npm notice 3.4kB src/engine/cards/MonsterBatteries.ts
npm notice 548B src/engine/cards/NationalGuard.ts
npm notice 1.6kB src/engine/cards/NovaBreath.ts
npm notice 557B src/engine/cards/NuclearPowerPlant.ts
npm notice 793B src/engine/cards/Omnivore.ts
npm notice 3.1kB src/engine/cards/Opportunist.ts
npm notice 4.1kB src/engine/cards/PlotTwist.ts
npm notice 713B src/engine/cards/PoisonQuills.ts
npm notice 1.8kB src/engine/cards/PoisonSpit.ts
npm notice 4.1kB src/engine/cards/RapidHealing.ts
npm notice 932B src/engine/cards/ReflectiveHide.ts
npm notice 514B src/engine/cards/Regeneration.ts
npm notice 6.2kB src/engine/cards/registry.ts
npm notice 871B src/engine/cards/RootingForTheUnderdog.ts
npm notice 1.1kB src/engine/cards/ShrinkRay.ts
npm notice 434B src/engine/cards/Skyscraper.ts
npm notice 1.7kB src/engine/cards/SleepWalker.ts
npm notice 3.5kB src/engine/cards/SmokeCloud.ts
npm notice 572B src/engine/cards/SolarPowered.ts
npm notice 541B src/engine/cards/SpikedTail.ts
npm notice 4.8kB src/engine/cards/Stretchy.ts
npm notice 625B src/engine/cards/SuperJump.ts
npm notice 522B src/engine/cards/Tanks.ts
npm notice 2.7kB src/engine/cards/Telepath.ts
npm notice 504B src/engine/cards/ThrowATanker.ts
npm notice 1.8kB src/engine/cards/ThunderStomp.ts
npm notice 521B src/engine/cards/types.ts
npm notice 4.3kB src/engine/cards/UnstableDNA.ts
npm notice 742B src/engine/cards/Unstoppable.ts
npm notice 691B src/engine/cards/UrbanLegend.ts
npm notice 1.0kB src/engine/cards/Urbavore.ts
npm notice 625B src/engine/cards/Vampiric.ts
npm notice 883B src/engine/cards/VastStorm.ts
npm notice 668B src/engine/cards/WeAreOnlyMakingItStronger.ts
npm notice 2.0kB src/engine/cards/Wings.ts
npm notice 210B src/engine/markers/ExtraTurnMarker.ts
npm notice 947B src/engine/markers/PoisonMarker.ts
npm notice 696B src/engine/markers/registry.ts
npm notice 1.5kB src/engine/markers/ShrinkMarker.ts
npm notice 7.9kB src/engine/reducer.ts
npm notice 2.3kB src/engine/types.ts
npm notice 1.2kB src/engine/utils.ts
npm notice 73B src/index.ts
npm notice 756B test_acid.ts
npm notice 705B test_acid2.ts
npm notice 988B test_acid3.ts
npm notice 988B test_acid4.ts
npm notice 967B test_acid5.ts
npm notice 1.2kB test_acid6.ts
npm notice 765B test_acid7.ts
npm notice 1.6kB test_bob_turn.ts
npm notice 353B tsconfig.json
npm notice Tarball Details
npm notice name: @erez/king-of-tokyo
npm notice version: 1.0.0
npm notice filename: erez-king-of-tokyo-1.0.0.tgz
npm notice package size: 2.5 MB
npm notice unpacked size: 22.7 MB
npm notice shasum: 49557e1bd1696e93e31b8dc92f335989d0e3b739
npm notice integrity: sha512-tum931MyzZy2M[...]H5D8nUK7pnwwg==
npm notice total files: 439
npm notice
erez-king-of-tokyo-1.0.0.tgz
